
> cropperjs-react@0.0.1 test
> vitest run


[1m[46m RUN [49m[22m [36mv4.0.12 [39m[90m/home/trigger/dev/cropperjs-react[39m

[90mstdout[2m | src/components/CropperComponents.test.tsx[2m > [22m[2mCropperCanvas[2m > [22m[2mpasses props as attributes
[22m[39m<cropper-canvas background="" disabled="" themecolor="red"></cropper-canvas>

[90mstdout[2m | src/components/CropperComponents.test.tsx[2m > [22m[2mCropperSelection[2m > [22m[2mpasses props as attributes
[22m[39m<cropper-selection aspectratio="1.5" initialcoverage="0.8"></cropper-selection>

 [31m❯[39m src/components/CropperComponents.test.tsx [2m([22m[2m4 tests[22m[2m | [22m[31m1 failed[39m[2m)[22m[32m 19[2mms[22m[39m
     [32m✓[39m renders cropper-canvas element[32m 10[2mms[22m[39m
     [32m✓[39m passes props as attributes[32m 2[2mms[22m[39m
     [32m✓[39m renders cropper-selection element[32m 2[2mms[22m[39m
[31m     [31m×[31m passes props as attributes[39m[32m 4[2mms[22m[39m
 [31m❯[39m src/components/Cropper.test.tsx [2m([22m[2m2 tests[22m[2m | [22m[31m1 failed[39m[2m)[22m[32m 72[2mms[22m[39m
[31m     [31m×[31m renders image with src[39m[32m 20[2mms[22m[39m
     [32m✓[39m initializes Cropper on mount[32m 50[2mms[22m[39m

[31m⎯⎯⎯⎯⎯⎯⎯[39m[1m[41m Failed Tests 2 [49m[22m[31m⎯⎯⎯⎯⎯⎯⎯[39m

[41m[1m FAIL [22m[49m src/components/Cropper.test.tsx[2m > [22mCropper[2m > [22mrenders image with src
[31m[1mTestingLibraryElementError[22m: Unable to find an element with the alt text: Test Image

Ignored nodes: comments, script, style
[36m<body>[31m
  [36m<div>[31m
    [36m<div>[31m
      [36m<img[31m
        [33malt[31m=[32m"Cropper"[31m
        [33msrc[31m=[32m"test.jpg"[31m
        [33mstyle[31m=[32m"opacity: 0; max-width: 100%;"[31m
      [36m/>[31m
    [36m</div>[31m
  [36m</div>[31m
[36m</body>[31m[39m
[90m [2m❯[22m Object.getElementError node_modules/@testing-library/dom/dist/config.js:[2m37:19[22m[39m
[90m [2m❯[22m node_modules/@testing-library/dom/dist/query-helpers.js:[2m76:38[22m[39m
[90m [2m❯[22m node_modules/@testing-library/dom/dist/query-helpers.js:[2m52:17[22m[39m
[90m [2m❯[22m node_modules/@testing-library/dom/dist/query-helpers.js:[2m95:19[22m[39m
[36m [2m❯[22m src/components/Cropper.test.tsx:[2m36:24[22m[39m
    [90m 34| [39m  [34mit[39m([32m'renders image with src'[39m[33m,[39m () [33m=>[39m {
    [90m 35| [39m    [34mrender[39m([33m<[39m[33mCropper[39m [33msrc[39m[33m=[39m[32m"test.jpg"[39m [33malt[39m[33m=[39m[32m"Test Image"[39m [33m/[39m[33m>[39m)[33m;[39m
    [90m 36| [39m    [35mconst[39m img [33m=[39m screen[33m.[39m[34mgetByAltText[39m([32m'Test Image'[39m)[33m;[39m
    [90m   | [39m                       [31m^[39m
    [90m 37| [39m    [34mexpect[39m(img)[33m.[39m[34mtoBeInTheDocument[39m()[33m;[39m
    [90m 38| [39m    [34mexpect[39m(img)[33m.[39m[34mtoHaveAttribute[39m([32m'src'[39m[33m,[39m [32m'test.jpg'[39m)[33m;[39m

[31m[2m⎯⎯⎯⎯⎯⎯⎯⎯⎯⎯⎯⎯⎯⎯⎯⎯⎯⎯⎯⎯⎯⎯⎯⎯[1/2]⎯[22m[39m

[41m[1m FAIL [22m[49m src/components/CropperComponents.test.tsx[2m > [22mCropperSelection[2m > [22mpasses props as attributes
[31m[1mError[22m: [2mexpect([22m[31melement[31m[2m).toHaveAttribute([22m[32m[32m"initial-coverage"[32m[31m[2m, [22m[32m[32m"0.8"[32m[31m[2m) // element.getAttribute("initial-coverage") === "0.8"[22m

Expected the element to have attribute:
[32m  initial-coverage="0.8"[31m
Received:
[31m  null[31m[39m
[36m [2m❯[22m src/components/CropperComponents.test.tsx:[2m45:25[22m[39m
    [90m 43| [39m        console[33m.[39m[34mlog[39m(element[33m?.[39mouterHTML)[33m;[39m
    [90m 44| [39m        [90m// expect(element).toHaveAttribute('aspect-ratio', '1.5');[39m
    [90m 45| [39m        [34mexpect[39m(element)[33m.[39m[34mtoHaveAttribute[39m([32m'initial-coverage'[39m[33m,[39m [32m'0.8'[39m)[33m;[39m
    [90m   | [39m                        [31m^[39m
    [90m 46| [39m        // movable={false} might result in no attribute if it's boolea…
    [90m 47| [39m        [90m// React behavior for boolean attributes on custom elements:[39m

[31m[2m⎯⎯⎯⎯⎯⎯⎯⎯⎯⎯⎯⎯⎯⎯⎯⎯⎯⎯⎯⎯⎯⎯⎯⎯[2/2]⎯[22m[39m


[2m Test Files [22m [1m[31m2 failed[39m[22m[90m (2)[39m
[2m      Tests [22m [1m[31m2 failed[39m[22m[2m | [22m[1m[32m4 passed[39m[22m[90m (6)[39m
[2m   Start at [22m 22:09:09
[2m   Duration [22m 456ms[2m (transform 115ms, setup 62ms, collect 168ms, tests 91ms, environment 392ms, prepare 7ms)[22m

